// Jest Snapshot v1, https://goo.gl/fbAQLP

exports[`should render the homepage 1`] = `
<Provider
  store={
    Object {
      "dispatch": [Function],
      "getState": [Function],
      "replaceReducer": [Function],
      "subscribe": [Function],
      Symbol(observable): [Function],
    }
  }
>
  <Connect(CardRestaurant)
    initialValue="Seu nome aqui"
  >
    <CardRestaurant
      changeValue={[Function]}
      initialValue="Seu nome aqui"
      value="Seu nome aqui"
    >
      <div />
    </CardRestaurant>
  </Connect(CardRestaurant)>
</Provider>
`;
